{"commitInfo":{"timestamp":1657416615325,"operation":"WRITE","operationParameters":{"mode":"Overwrite","partitionBy":"[]"},"isBlindAppend":false,"operationMetrics":{"numFiles":"4","numOutputBytes":"121924","numOutputRows":"3594"}}}
{"protocol":{"minReaderVersion":1,"minWriterVersion":2}}
{"metaData":{"id":"6070a2cd-b98a-4a3c-92b5-c856558a2ccd","format":{"provider":"parquet","options":{}},"schemaString":"{\"type\":\"struct\",\"fields\":[{\"name\":\"property_id\",\"type\":\"string\",\"nullable\":true,\"metadata\":{}},{\"name\":\"city\",\"type\":\"string\",\"nullable\":true,\"metadata\":{}},{\"name\":\"attributes_inside_attic\",\"type\":\"integer\",\"nullable\":true,\"metadata\":{}},{\"name\":\"attributes_inside_cellar\",\"type\":\"integer\",\"nullable\":true,\"metadata\":{}},{\"name\":\"attributes_technology_dishwasher\",\"type\":\"integer\",\"nullable\":true,\"metadata\":{}},{\"name\":\"attributes_technology_cable_tv\",\"type\":\"integer\",\"nullable\":true,\"metadata\":{}},{\"name\":\"attributes_outside_balcony\",\"type\":\"integer\",\"nullable\":true,\"metadata\":{}},{\"name\":\"attributes_outside_playground\",\"type\":\"integer\",\"nullable\":true,\"metadata\":{}},{\"name\":\"attributes_outside_parking\",\"type\":\"integer\",\"nullable\":true,\"metadata\":{}},{\"name\":\"attributes_outside_garage\",\"type\":\"integer\",\"nullable\":true,\"metadata\":{}},{\"name\":\"number_of_rooms\",\"type\":\"double\",\"nullable\":true,\"metadata\":{}},{\"name\":\"surface_property\",\"type\":\"long\",\"nullable\":true,\"metadata\":{}},{\"name\":\"surface_usable\",\"type\":\"long\",\"nullable\":true,\"metadata\":{}},{\"name\":\"surface_living\",\"type\":\"long\",\"nullable\":true,\"metadata\":{}},{\"name\":\"normalized_price\",\"type\":\"long\",\"nullable\":true,\"metadata\":{}},{\"name\":\"prediction\",\"type\":\"double\",\"nullable\":true,\"metadata\":{\"ml_attr\":{}}}]}","partitionColumns":[],"configuration":{},"createdTime":1657416614087}}
{"add":{"path":"part-00000-4ee7ee2c-21a1-4b75-a900-77a574f03ef6-c000.snappy.parquet","partitionValues":{},"size":52878,"modificationTime":1657416615083,"dataChange":true}}
{"add":{"path":"part-00001-7a8967e4-7819-479b-8f73-a755ccfcfe4b-c000.snappy.parquet","partitionValues":{},"size":37069,"modificationTime":1657416615071,"dataChange":true}}
{"add":{"path":"part-00002-457d884c-bfed-4db5-92d4-6cafcc734bef-c000.snappy.parquet","partitionValues":{},"size":24494,"modificationTime":1657416615003,"dataChange":true}}
{"add":{"path":"part-00003-9641851f-e248-4d77-8ed0-99562dedab88-c000.snappy.parquet","partitionValues":{},"size":7483,"modificationTime":1657416614936,"dataChange":true}}
