{"commitInfo":{"timestamp":1657389489523,"operation":"WRITE","operationParameters":{"mode":"Overwrite","partitionBy":"[\"city\"]","predicate":"city=='geneve'"},"readVersion":10,"isBlindAppend":false,"operationMetrics":{"numFiles":"6","numOutputBytes":"41304","numOutputRows":"550"}}}
{"add":{"path":"city=geneve/part-00000-750aee5b-a2ae-42cb-9e1b-8a9eb2ebdaa5.c000.snappy.parquet","partitionValues":{"city":"geneve"},"size":8512,"modificationTime":1657389488154,"dataChange":true}}
{"add":{"path":"city=geneve/part-00001-0f6679c2-7715-4c6d-90e8-865c5c5ab9f5.c000.snappy.parquet","partitionValues":{"city":"geneve"},"size":7769,"modificationTime":1657389488305,"dataChange":true}}
{"add":{"path":"city=geneve/part-00002-e7e2ca2d-a73e-4fe5-9631-f7b41b16a01e.c000.snappy.parquet","partitionValues":{"city":"geneve"},"size":7218,"modificationTime":1657389488309,"dataChange":true}}
{"add":{"path":"city=geneve/part-00003-14ccbd0d-f6d7-4f87-854d-43a31ae7fc51.c000.snappy.parquet","partitionValues":{"city":"geneve"},"size":6556,"modificationTime":1657389488238,"dataChange":true}}
{"add":{"path":"city=geneve/part-00004-58623ccf-dba9-4937-8d31-dca7949acaa2.c000.snappy.parquet","partitionValues":{"city":"geneve"},"size":5984,"modificationTime":1657389488886,"dataChange":true}}
{"add":{"path":"city=geneve/part-00005-586916fc-38c9-408e-80d2-e813312fdcad.c000.snappy.parquet","partitionValues":{"city":"geneve"},"size":5265,"modificationTime":1657389488920,"dataChange":true}}
{"remove":{"path":"city=geneve/part-00002-4a887ded-d562-4597-9089-997606930958.c000.snappy.parquet","deletionTimestamp":1657389489523,"dataChange":true,"extendedFileMetadata":true,"partitionValues":{"city":"geneve"},"size":7218}}
{"remove":{"path":"city=geneve/part-00003-f6caf8ad-5f34-4725-a1e1-92fe57d07968.c000.snappy.parquet","deletionTimestamp":1657389489523,"dataChange":true,"extendedFileMetadata":true,"partitionValues":{"city":"geneve"},"size":6556}}
{"remove":{"path":"city=geneve/part-00000-94d8e06c-afb9-4c3f-aabc-0db662e3e5a9.c000.snappy.parquet","deletionTimestamp":1657389489523,"dataChange":true,"extendedFileMetadata":true,"partitionValues":{"city":"geneve"},"size":8512}}
{"remove":{"path":"city=geneve/part-00005-c94677fa-fc9d-4e61-ba45-f1840310689c.c000.snappy.parquet","deletionTimestamp":1657389489523,"dataChange":true,"extendedFileMetadata":true,"partitionValues":{"city":"geneve"},"size":5265}}
{"remove":{"path":"city=geneve/part-00001-4ac1b0a2-d9e6-4731-8185-c37b3427a8c2.c000.snappy.parquet","deletionTimestamp":1657389489523,"dataChange":true,"extendedFileMetadata":true,"partitionValues":{"city":"geneve"},"size":7769}}
{"remove":{"path":"city=geneve/part-00004-f82141e6-65fe-4783-ac85-8818f22a99a2.c000.snappy.parquet","deletionTimestamp":1657389489523,"dataChange":true,"extendedFileMetadata":true,"partitionValues":{"city":"geneve"},"size":5984}}
