{"commitInfo":{"timestamp":1657389317240,"operation":"WRITE","operationParameters":{"mode":"Overwrite","partitionBy":"[\"city\"]","predicate":"city=='basel'"},"readVersion":7,"isBlindAppend":false,"operationMetrics":{"numFiles":"7","numOutputBytes":"56687","numOutputRows":"1008"}}}
{"add":{"path":"city=basel/part-00000-14411d7f-7e14-4c90-8dfe-bcf0f7ca3642.c000.snappy.parquet","partitionValues":{"city":"basel"},"size":11378,"modificationTime":1657389316062,"dataChange":true}}
{"add":{"path":"city=basel/part-00001-9254eb5e-af10-4b29-b19d-ead9879f5ed3.c000.snappy.parquet","partitionValues":{"city":"basel"},"size":9510,"modificationTime":1657389315717,"dataChange":true}}
{"add":{"path":"city=basel/part-00002-bae70b4e-0e44-4aa9-a917-d7fa06b5e896.c000.snappy.parquet","partitionValues":{"city":"basel"},"size":8997,"modificationTime":1657389316054,"dataChange":true}}
{"add":{"path":"city=basel/part-00003-d261113d-6775-41b6-b726-1bcdfde65d0e.c000.snappy.parquet","partitionValues":{"city":"basel"},"size":8169,"modificationTime":1657389315754,"dataChange":true}}
{"add":{"path":"city=basel/part-00004-394f8b6c-2e38-4329-8748-9fe2e259d7bf.c000.snappy.parquet","partitionValues":{"city":"basel"},"size":7366,"modificationTime":1657389316682,"dataChange":true}}
{"add":{"path":"city=basel/part-00005-e27b16d7-da9e-48ba-89a4-7b394e02b39e.c000.snappy.parquet","partitionValues":{"city":"basel"},"size":6724,"modificationTime":1657389316703,"dataChange":true}}
{"add":{"path":"city=basel/part-00006-b657885e-8d86-4ec4-b0bc-1762df0d618c.c000.snappy.parquet","partitionValues":{"city":"basel"},"size":4543,"modificationTime":1657389316455,"dataChange":true}}
{"remove":{"path":"city=basel/part-00001-12f37160-b66a-465b-8c80-e3f944377d34.c000.snappy.parquet","deletionTimestamp":1657389317239,"dataChange":true,"extendedFileMetadata":true,"partitionValues":{"city":"basel"},"size":8583}}
{"remove":{"path":"city=basel/part-00003-80df8d08-1ad2-443a-a078-081be85411a3.c000.snappy.parquet","deletionTimestamp":1657389317239,"dataChange":true,"extendedFileMetadata":true,"partitionValues":{"city":"basel"},"size":7358}}
{"remove":{"path":"city=basel/part-00005-fe2e92a9-8e0e-47e6-ae16-90df454147ba.c000.snappy.parquet","deletionTimestamp":1657389317239,"dataChange":true,"extendedFileMetadata":true,"partitionValues":{"city":"basel"},"size":6191}}
{"remove":{"path":"city=basel/part-00006-ed8ef54d-957f-42aa-86e7-1933827db8fa.c000.snappy.parquet","deletionTimestamp":1657389317239,"dataChange":true,"extendedFileMetadata":true,"partitionValues":{"city":"basel"},"size":4187}}
{"remove":{"path":"city=basel/part-00002-1f93d99b-2af9-4bf8-b812-18d180cd774f.c000.snappy.parquet","deletionTimestamp":1657389317239,"dataChange":true,"extendedFileMetadata":true,"partitionValues":{"city":"basel"},"size":8264}}
{"remove":{"path":"city=basel/part-00004-2644b4d3-2105-46f6-9b37-d922e391a50f.c000.snappy.parquet","deletionTimestamp":1657389317239,"dataChange":true,"extendedFileMetadata":true,"partitionValues":{"city":"basel"},"size":7030}}
{"remove":{"path":"city=basel/part-00000-65c8fb53-71ad-432c-8c22-bf30815e29e5.c000.snappy.parquet","deletionTimestamp":1657389317239,"dataChange":true,"extendedFileMetadata":true,"partitionValues":{"city":"basel"},"size":10462}}
