{"commitInfo":{"timestamp":1657389399246,"operation":"WRITE","operationParameters":{"mode":"Overwrite","partitionBy":"[\"city\"]","predicate":"city=='zuerich'"},"readVersion":9,"isBlindAppend":false,"operationMetrics":{"numFiles":"7","numOutputBytes":"55880","numOutputRows":"980"}}}
{"add":{"path":"city=zuerich/part-00000-4e311b39-818c-4221-a9bb-51a3e8159e6f.c000.snappy.parquet","partitionValues":{"city":"zuerich"},"size":10865,"modificationTime":1657389398128,"dataChange":true}}
{"add":{"path":"city=zuerich/part-00001-4056afe3-cf7f-4569-a5fe-ff63346ec084.c000.snappy.parquet","partitionValues":{"city":"zuerich"},"size":9822,"modificationTime":1657389398224,"dataChange":true}}
{"add":{"path":"city=zuerich/part-00002-62bf21c1-19ff-47e1-ae52-41661a335dc6.c000.snappy.parquet","partitionValues":{"city":"zuerich"},"size":8662,"modificationTime":1657389398209,"dataChange":true}}
{"add":{"path":"city=zuerich/part-00003-63e08d7f-a58a-4cf2-b5aa-6a5973421c8b.c000.snappy.parquet","partitionValues":{"city":"zuerich"},"size":7994,"modificationTime":1657389398096,"dataChange":true}}
{"add":{"path":"city=zuerich/part-00004-7e3bb67f-3025-4e0a-a044-a4ee0c0cb342.c000.snappy.parquet","partitionValues":{"city":"zuerich"},"size":7473,"modificationTime":1657389398792,"dataChange":true}}
{"add":{"path":"city=zuerich/part-00005-63fcee55-9292-4818-aef5-85b45bca20a9.c000.snappy.parquet","partitionValues":{"city":"zuerich"},"size":6643,"modificationTime":1657389398752,"dataChange":true}}
{"add":{"path":"city=zuerich/part-00006-cadae489-c235-45f6-b7bb-ca660555305c.c000.snappy.parquet","partitionValues":{"city":"zuerich"},"size":4421,"modificationTime":1657389398490,"dataChange":true}}
{"remove":{"path":"city=zuerich/part-00002-d5d61cad-ad6d-480c-83d2-15f4542998c4.c000.snappy.parquet","deletionTimestamp":1657389399245,"dataChange":true,"extendedFileMetadata":true,"partitionValues":{"city":"zuerich"},"size":4275}}
{"remove":{"path":"city=zuerich/part-00003-793c5860-3fe1-44b6-bd11-613334faa436.c000.snappy.parquet","deletionTimestamp":1657389399245,"dataChange":true,"extendedFileMetadata":true,"partitionValues":{"city":"zuerich"},"size":4008}}
{"remove":{"path":"city=zuerich/part-00001-b6f3c912-653a-4d6c-bcf6-1a2b9932787d.c000.snappy.parquet","deletionTimestamp":1657389399246,"dataChange":true,"extendedFileMetadata":true,"partitionValues":{"city":"zuerich"},"size":4303}}
{"remove":{"path":"city=zuerich/part-00000-b42800df-623a-4199-85ed-d6f0ed67ab25.c000.snappy.parquet","deletionTimestamp":1657389399246,"dataChange":true,"extendedFileMetadata":true,"partitionValues":{"city":"zuerich"},"size":4307}}
