{"commitInfo":{"timestamp":1657389348427,"operation":"WRITE","operationParameters":{"mode":"Overwrite","partitionBy":"[\"city\"]","predicate":"city=='geneve'"},"readVersion":8,"isBlindAppend":false,"operationMetrics":{"numFiles":"6","numOutputBytes":"41304","numOutputRows":"550"}}}
{"add":{"path":"city=geneve/part-00000-94d8e06c-afb9-4c3f-aabc-0db662e3e5a9.c000.snappy.parquet","partitionValues":{"city":"geneve"},"size":8512,"modificationTime":1657389347210,"dataChange":true}}
{"add":{"path":"city=geneve/part-00001-4ac1b0a2-d9e6-4731-8185-c37b3427a8c2.c000.snappy.parquet","partitionValues":{"city":"geneve"},"size":7769,"modificationTime":1657389347127,"dataChange":true}}
{"add":{"path":"city=geneve/part-00002-4a887ded-d562-4597-9089-997606930958.c000.snappy.parquet","partitionValues":{"city":"geneve"},"size":7218,"modificationTime":1657389347255,"dataChange":true}}
{"add":{"path":"city=geneve/part-00003-f6caf8ad-5f34-4725-a1e1-92fe57d07968.c000.snappy.parquet","partitionValues":{"city":"geneve"},"size":6556,"modificationTime":1657389347179,"dataChange":true}}
{"add":{"path":"city=geneve/part-00004-f82141e6-65fe-4783-ac85-8818f22a99a2.c000.snappy.parquet","partitionValues":{"city":"geneve"},"size":5984,"modificationTime":1657389347752,"dataChange":true}}
{"add":{"path":"city=geneve/part-00005-c94677fa-fc9d-4e61-ba45-f1840310689c.c000.snappy.parquet","partitionValues":{"city":"geneve"},"size":5265,"modificationTime":1657389347799,"dataChange":true}}
{"remove":{"path":"city=geneve/part-00005-4e495163-e49d-419e-9510-949757a07e11.c000.snappy.parquet","deletionTimestamp":1657389348426,"dataChange":true,"extendedFileMetadata":true,"partitionValues":{"city":"geneve"},"size":5356}}
{"remove":{"path":"city=geneve/part-00006-342a4354-824d-4d59-b15e-62c05bc5aee1.c000.snappy.parquet","deletionTimestamp":1657389348426,"dataChange":true,"extendedFileMetadata":true,"partitionValues":{"city":"geneve"},"size":4235}}
{"remove":{"path":"city=geneve/part-00001-6085c2a6-3492-4408-b358-382c8e20ba73.c000.snappy.parquet","deletionTimestamp":1657389348426,"dataChange":true,"extendedFileMetadata":true,"partitionValues":{"city":"geneve"},"size":7416}}
{"remove":{"path":"city=geneve/part-00003-5af77937-2b91-4b16-a648-7711f065985d.c000.snappy.parquet","deletionTimestamp":1657389348426,"dataChange":true,"extendedFileMetadata":true,"partitionValues":{"city":"geneve"},"size":6452}}
{"remove":{"path":"city=geneve/part-00000-5f9b8e96-eba3-4d60-a33b-c3f1c8367d3a.c000.snappy.parquet","deletionTimestamp":1657389348426,"dataChange":true,"extendedFileMetadata":true,"partitionValues":{"city":"geneve"},"size":8928}}
{"remove":{"path":"city=geneve/part-00002-efc5717d-3ecf-41f8-9f71-bcf4cfdad563.c000.snappy.parquet","deletionTimestamp":1657389348426,"dataChange":true,"extendedFileMetadata":true,"partitionValues":{"city":"geneve"},"size":7175}}
{"remove":{"path":"city=geneve/part-00004-ae803bbe-ae2c-448f-86eb-7496eb5ef80f.c000.snappy.parquet","deletionTimestamp":1657389348426,"dataChange":true,"extendedFileMetadata":true,"partitionValues":{"city":"geneve"},"size":5916}}
