{"commitInfo":{"timestamp":1657386819406,"operation":"WRITE","operationParameters":{"mode":"Overwrite","partitionBy":"[\"city\"]","predicate":"city=='geneve'"},"readVersion":5,"isBlindAppend":false,"operationMetrics":{"numFiles":"7","numOutputBytes":"45478","numOutputRows":"550"}}}
{"add":{"path":"city=geneve/part-00000-5f9b8e96-eba3-4d60-a33b-c3f1c8367d3a.c000.snappy.parquet","partitionValues":{"city":"geneve"},"size":8928,"modificationTime":1657386818617,"dataChange":true}}
{"add":{"path":"city=geneve/part-00001-6085c2a6-3492-4408-b358-382c8e20ba73.c000.snappy.parquet","partitionValues":{"city":"geneve"},"size":7416,"modificationTime":1657386818462,"dataChange":true}}
{"add":{"path":"city=geneve/part-00002-efc5717d-3ecf-41f8-9f71-bcf4cfdad563.c000.snappy.parquet","partitionValues":{"city":"geneve"},"size":7175,"modificationTime":1657386818508,"dataChange":true}}
{"add":{"path":"city=geneve/part-00003-5af77937-2b91-4b16-a648-7711f065985d.c000.snappy.parquet","partitionValues":{"city":"geneve"},"size":6452,"modificationTime":1657386818415,"dataChange":true}}
{"add":{"path":"city=geneve/part-00004-ae803bbe-ae2c-448f-86eb-7496eb5ef80f.c000.snappy.parquet","partitionValues":{"city":"geneve"},"size":5916,"modificationTime":1657386818981,"dataChange":true}}
{"add":{"path":"city=geneve/part-00005-4e495163-e49d-419e-9510-949757a07e11.c000.snappy.parquet","partitionValues":{"city":"geneve"},"size":5356,"modificationTime":1657386819014,"dataChange":true}}
{"add":{"path":"city=geneve/part-00006-342a4354-824d-4d59-b15e-62c05bc5aee1.c000.snappy.parquet","partitionValues":{"city":"geneve"},"size":4235,"modificationTime":1657386818709,"dataChange":true}}
{"remove":{"path":"city=geneve/part-00002-c3059091-aebb-418e-b24b-2479777b73ef.c000.snappy.parquet","deletionTimestamp":1657386819405,"dataChange":true,"extendedFileMetadata":true,"partitionValues":{"city":"geneve"},"size":4808}}
{"remove":{"path":"city=geneve/part-00003-f52bc616-16a6-45ac-982e-20134a6d99a4.c000.snappy.parquet","deletionTimestamp":1657386819405,"dataChange":true,"extendedFileMetadata":true,"partitionValues":{"city":"geneve"},"size":4654}}
{"remove":{"path":"city=geneve/part-00000-112d26c4-17ca-4b6f-b7c3-52b69c0f1105.c000.snappy.parquet","deletionTimestamp":1657386819405,"dataChange":true,"extendedFileMetadata":true,"partitionValues":{"city":"geneve"},"size":5171}}
{"remove":{"path":"city=geneve/part-00001-e3ed1bdf-3cfb-4ebd-abb0-e61ae03eeac8.c000.snappy.parquet","deletionTimestamp":1657386819405,"dataChange":true,"extendedFileMetadata":true,"partitionValues":{"city":"geneve"},"size":4800}}
