{"commitInfo":{"timestamp":1657345893239,"operation":"WRITE","operationParameters":{"mode":"Overwrite","partitionBy":"[\"city\"]","predicate":"city=='basel'"},"isBlindAppend":false,"operationMetrics":{"numFiles":"4","numOutputBytes":"17513","numOutputRows":"21"}}}
{"protocol":{"minReaderVersion":1,"minWriterVersion":2}}
{"metaData":{"id":"e5e8b347-8934-46dd-9604-a4b434a9a27c","format":{"provider":"parquet","options":{}},"schemaString":"{\"type\":\"struct\",\"fields\":[{\"name\":\"property_id\",\"type\":\"string\",\"nullable\":true,\"metadata\":{}},{\"name\":\"city\",\"type\":\"string\",\"nullable\":true,\"metadata\":{}},{\"name\":\"attributes_inside_attic\",\"type\":\"integer\",\"nullable\":true,\"metadata\":{}},{\"name\":\"attributes_inside_cellar\",\"type\":\"integer\",\"nullable\":true,\"metadata\":{}},{\"name\":\"attributes_technology_dishwasher\",\"type\":\"integer\",\"nullable\":true,\"metadata\":{}},{\"name\":\"attributes_technology_cable_tv\",\"type\":\"integer\",\"nullable\":true,\"metadata\":{}},{\"name\":\"attributes_outside_balcony\",\"type\":\"integer\",\"nullable\":true,\"metadata\":{}},{\"name\":\"attributes_outside_playground\",\"type\":\"integer\",\"nullable\":true,\"metadata\":{}},{\"name\":\"attributes_outside_parking\",\"type\":\"integer\",\"nullable\":true,\"metadata\":{}},{\"name\":\"attributes_outside_garage\",\"type\":\"integer\",\"nullable\":true,\"metadata\":{}},{\"name\":\"number_of_rooms\",\"type\":\"double\",\"nullable\":true,\"metadata\":{}},{\"name\":\"surface_property\",\"type\":\"long\",\"nullable\":true,\"metadata\":{}},{\"name\":\"surface_usable\",\"type\":\"long\",\"nullable\":true,\"metadata\":{}},{\"name\":\"surface_living\",\"type\":\"long\",\"nullable\":true,\"metadata\":{}},{\"name\":\"normalized_price\",\"type\":\"long\",\"nullable\":true,\"metadata\":{}}]}","partitionColumns":["city"],"configuration":{},"createdTime":1657345889353}}
{"add":{"path":"city=basel/part-00000-4c6e736c-7530-4b01-a038-cd4fe25bf3fc.c000.snappy.parquet","partitionValues":{"city":"basel"},"size":4418,"modificationTime":1657345891363,"dataChange":true}}
{"add":{"path":"city=basel/part-00001-cfcf0742-a983-4256-bf9a-7db12d756a1a.c000.snappy.parquet","partitionValues":{"city":"basel"},"size":4399,"modificationTime":1657345891362,"dataChange":true}}
{"add":{"path":"city=basel/part-00002-919f5409-da87-428f-b4ab-880a34e5e14f.c000.snappy.parquet","partitionValues":{"city":"basel"},"size":4420,"modificationTime":1657345891379,"dataChange":true}}
{"add":{"path":"city=basel/part-00003-2b4fed0b-a44f-439d-94a1-722e03c6bb8c.c000.snappy.parquet","partitionValues":{"city":"basel"},"size":4276,"modificationTime":1657345891362,"dataChange":true}}
