{"commitInfo":{"timestamp":1657389271797,"operation":"WRITE","operationParameters":{"mode":"Overwrite","partitionBy":"[\"city\"]","predicate":"city=='bern'"},"readVersion":6,"isBlindAppend":false,"operationMetrics":{"numFiles":"7","numOutputBytes":"56247","numOutputRows":"1008"}}}
{"add":{"path":"city=bern/part-00000-bf2a1964-ce3b-4b6f-886c-d298582df660.c000.snappy.parquet","partitionValues":{"city":"bern"},"size":11167,"modificationTime":1657389269761,"dataChange":true}}
{"add":{"path":"city=bern/part-00001-f9fd7b63-2262-4102-8b59-7796bfc26af3.c000.snappy.parquet","partitionValues":{"city":"bern"},"size":9519,"modificationTime":1657389269735,"dataChange":true}}
{"add":{"path":"city=bern/part-00002-ddc0b6b3-bc46-450d-9fc8-630d8f299a0a.c000.snappy.parquet","partitionValues":{"city":"bern"},"size":8743,"modificationTime":1657389269736,"dataChange":true}}
{"add":{"path":"city=bern/part-00003-ef884022-83ea-49cd-89fd-ba5d5384fd3e.c000.snappy.parquet","partitionValues":{"city":"bern"},"size":8053,"modificationTime":1657389269736,"dataChange":true}}
{"add":{"path":"city=bern/part-00004-8c820f94-37c1-4796-ae5c-40bafb6a6491.c000.snappy.parquet","partitionValues":{"city":"bern"},"size":7508,"modificationTime":1657389270753,"dataChange":true}}
{"add":{"path":"city=bern/part-00005-d2a214d3-954f-4149-bdb8-6807ac0c0f5f.c000.snappy.parquet","partitionValues":{"city":"bern"},"size":6746,"modificationTime":1657389270725,"dataChange":true}}
{"add":{"path":"city=bern/part-00006-438b8c52-32f4-40fa-855b-5b894cea8152.c000.snappy.parquet","partitionValues":{"city":"bern"},"size":4511,"modificationTime":1657389270298,"dataChange":true}}
{"remove":{"path":"city=bern/part-00000-5acc76c1-5682-4765-b9ea-ab0a307bcea1.c000.snappy.parquet","deletionTimestamp":1657389271752,"dataChange":true,"extendedFileMetadata":true,"partitionValues":{"city":"bern"},"size":8877}}
{"remove":{"path":"city=bern/part-00001-b8322e6b-4821-43f8-a03e-24fc72c72c08.c000.snappy.parquet","deletionTimestamp":1657389271752,"dataChange":true,"extendedFileMetadata":true,"partitionValues":{"city":"bern"},"size":7441}}
{"remove":{"path":"city=bern/part-00003-a0c72fa4-4793-49ad-a169-05b753376370.c000.snappy.parquet","deletionTimestamp":1657389271752,"dataChange":true,"extendedFileMetadata":true,"partitionValues":{"city":"bern"},"size":6749}}
{"remove":{"path":"city=bern/part-00002-4373ccc9-37c4-4566-b35b-fdc1ab9c502f.c000.snappy.parquet","deletionTimestamp":1657389271752,"dataChange":true,"extendedFileMetadata":true,"partitionValues":{"city":"bern"},"size":7046}}
{"remove":{"path":"city=bern/part-00004-83f5521d-5763-4bb0-aa9d-d12a50ef83a2.c000.snappy.parquet","deletionTimestamp":1657389271752,"dataChange":true,"extendedFileMetadata":true,"partitionValues":{"city":"bern"},"size":6136}}
{"remove":{"path":"city=bern/part-00005-7adc2390-1439-492a-b3e2-0a0353e7828b.c000.snappy.parquet","deletionTimestamp":1657389271752,"dataChange":true,"extendedFileMetadata":true,"partitionValues":{"city":"bern"},"size":5306}}
